[r.8b.io/117673/assets/images/r_life_128x121.png]
[backblue.gif]
[fade.gif]
[index.html]
[app.8b.io/app/themes/webamp/components/header1/presets/backgrounds/05.jpg]
[app.8b.io/app/themes/webamp/components/header1/presets/backgrounds/01.jpg]
[app.8b.io/app/themes/webamp/components/title1/presets/backgrounds/01.jpg]
[r.8b.io/117673/images/53e9d1424950b108feda846096293-h_ka4zvyd8.jpg]
[cdn.ampproject.org/v0.js]
[cdn.ampproject.org/v0/amp-mustache-0.2.js]
[cdn.ampproject.org/v0/amp-analytics-0.1.js]
[cdn.ampproject.org/v0/amp-sidebar-0.1.js]
[cdn.ampproject.org/v0/amp-youtube-0.1.js]
[cdn.ampproject.org/v0/amp-iframe-0.1.js]
[cdn.ampproject.org/v0/amp-form-0.1.js]
[r.8b.io/117673/images/52e2d1454357a814f6d1867dda793-h_ka4zrjnc.jpg]
[app.8b.io/app/themes/webamp/projects/portfolio/assets/images/mbr-1.jpg]
[app.8b.io/app/themes/webamp/projects/portfolio/assets/images/02-696x1044.jpg]
[app.8b.io/app/themes/webamp/projects/portfolio/assets/images/pexels-photo-137142-696x1006.jpg]
[app.8b.io/app/themes/webamp/projects/portfolio/assets/images/mbr.jpg]
[app.8b.io/app/themes/webamp/projects/portfolio/assets/images/05-696x464.jpg]
[app.8b.io/app/themes/webamp/projects/portfolio/assets/images/stil-331259-unsplash-696x1051.jpg]
[app.8b.io/app/themes/webamp/projects/portfolio/assets/images/mbr-3.jpg]
[app.8b.io/app/themes/webamp/projects/portfolio/assets/images/mbr-4.jpg]
[app.8b.io/app/themes/webamp/projects/portfolio/assets/images/mbr-5.jpg]
[app.8b.io/app/themes/webamp/projects/portfolio/assets/images/mbr-6.jpg]
[app.8b.io/app/themes/webamp/projects/portfolio/assets/images/background4.jpg]
[r.8b.io/117673/images/53e1d1454d54a914f6d1867dda793-h_ka4zy1ok.jpg]
[app.8b.io/app/themes/webamp/projects/portfolio/assets/images/background1.jpg]
[app.8b.io/app/themes/webamp/projects/portfolio/assets/images/background2.jpg]
[app.8b.io/app/themes/webamp/projects/portfolio/assets/images/background3.jpg]
[app.8b.io/app/themes/webamp/projects/portfolio/assets/images/face1.jpg]
[app.8b.io/app/themes/webamp/projects/portfolio/assets/images/face2.jpg]
[app.8b.io/app/themes/webamp/projects/portfolio/assets/images/face3.jpg]
[app.8b.io/app/themes/webamp/projects/portfolio/assets/images/face4.jpg]
[117673.8b.io/index.html]
